<div class="template-list sixcols flex-masonry">
  <div class="masonry-col"><a href="https://adobesparkpost.app.link/n2Z46oQ2vbb" class="template">
      <div>
        <picture>
          <source media="(max-width: 400px)"
            srcset="./media_1d4c4681f8d42768ab2d749db73bf5e4684f883be.jpeg?width=750&amp;format=webply&amp;optimize=medium">
          <img
            src="./media_1d4c4681f8d42768ab2d749db73bf5e4684f883be.jpeg?width=2000&amp;format=webply&amp;optimize=medium"
            alt="Blue Surf Festival Snapchat Story" loading="lazy">
        </picture>
      </div>
      <div><span class="template-link">Edit this template</span></div>
    </a><a href="https://adobesparkpost.app.link/UJ6ABI2VtZ" class="template">
      <div>
        <picture>
          <source media="(max-width: 400px)"
            srcset="./media_186ce29e9247a5c92ce8a598ece82044c6e204e50.jpeg?width=750&amp;format=webply&amp;optimize=medium">
          <img
            src="./media_186ce29e9247a5c92ce8a598ece82044c6e204e50.jpeg?width=2000&amp;format=webply&amp;optimize=medium"
            alt="Malibu Travel and Tourism Instagram Portrait Graphic with Surfer on Beach at Sunset" loading="lazy">
        </picture>
      </div>
      <div><span class="template-link">Edit this template</span></div>
    </a><a href="https://adobesparkpost.app.link/iNd6vk7a3hb" class="template">
      <div>
        <picture>
          <source media="(max-width: 400px)"
            srcset="./media_1a1a11281551ae432e31a922610c8ba4734b0f383.jpeg?width=750&amp;format=webply&amp;optimize=medium">
          <img
            src="./media_1a1a11281551ae432e31a922610c8ba4734b0f383.jpeg?width=2000&amp;format=webply&amp;optimize=medium"
            alt="Blue Ocean Wave Logo with Stamped Graphic and Handwritten Name Logo Type" loading="lazy">
        </picture>
      </div>
      <div><span class="template-link">Edit this template</span></div>
    </a><a href="https://adobesparkpost.app.link/aJO9x4Y0ybb" class="template">
      <div>
        <picture>
          <source media="(max-width: 400px)"
            srcset="./media_1c36ce0e4f4e1f8d8415121e5c844685c989de4a0.jpeg?width=750&amp;format=webply&amp;optimize=medium">
          <img
            src="./media_1c36ce0e4f4e1f8d8415121e5c844685c989de4a0.jpeg?width=2000&amp;format=webply&amp;optimize=medium"
            alt="Green Surf Club Instagram Square" loading="lazy">
        </picture>
      </div>
      <div><span class="template-link">Edit this template</span></div>
    </a><a href="https://adobesparkpost.app.link/YnPqxipRtZ" class="template">
      <div>
        <picture>
          <source media="(max-width: 400px)"
            srcset="./media_11b01ae4166f875bfb33b05677c67d8efcd47261c.jpeg?width=750&amp;format=webply&amp;optimize=medium">
          <img
            src="./media_11b01ae4166f875bfb33b05677c67d8efcd47261c.jpeg?width=2000&amp;format=webply&amp;optimize=medium"
            alt="Black and Pink Surfing Instagram Portrait Graphic with Flamingo" loading="lazy">
        </picture>
      </div>
      <div><span class="template-link">Edit this template</span></div>
    </a><a href="https://adobesparkpost.app.link/nTGoGZBcuZ" class="template">
      <div>
        <picture>
          <source media="(max-width: 400px)"
            srcset="./media_1e211a4509044dfa91e83a1f4fdf7bf22b4248e03.jpeg?width=750&amp;format=webply&amp;optimize=medium">
          <img
            src="./media_1e211a4509044dfa91e83a1f4fdf7bf22b4248e03.jpeg?width=2000&amp;format=webply&amp;optimize=medium"
            alt="Green White and Blue Surf Board Shaping Facebook Page Cover" loading="lazy">
        </picture>
      </div>
      <div><span class="template-link">Edit this template</span></div>
    </a><a href="https://adobesparkpost.app.link/eNgaORz8tZ" class="template">
      <div>
        <picture>
          <source media="(max-width: 400px)"
            srcset="./media_17670d91e7337b1dd8f1a86a567356d3a1ff87ca7.jpeg?width=750&amp;format=webply&amp;optimize=medium">
          <img
            src="./media_17670d91e7337b1dd8f1a86a567356d3a1ff87ca7.jpeg?width=2000&amp;format=webply&amp;optimize=medium"
            alt="Surfer Starter Pack Instagram Square Meme" loading="lazy">
        </picture>
      </div>
      <div><span class="template-link">Edit this template</span></div>
    </a><a href="https://adobesparkpost.app.link/DJjUMcH5tZ" class="template">
      <div>
        <picture>
          <source media="(max-width: 400px)"
            srcset="./media_1970b8a7715b1e6d9166a575438d4cb9575c6353e.jpeg?width=750&amp;format=webply&amp;optimize=medium">
          <img
            src="./media_1970b8a7715b1e6d9166a575438d4cb9575c6353e.jpeg?width=2000&amp;format=webply&amp;optimize=medium"
            alt="Orange and Black Bike Sale Social Post" loading="lazy">
        </picture>
      </div>
      <div><span class="template-link">Edit this template</span></div>
    </a><a href="https://adobesparkpost.app.link/wv2YEeqr0ab" class="template">
      <div>
        <picture>
          <source media="(max-width: 400px)"
            srcset="./media_1c963f8911c836c0838189818336ed13ff4a13876.jpeg?width=750&amp;format=webply&amp;optimize=medium">
          <img
            src="./media_1c963f8911c836c0838189818336ed13ff4a13876.jpeg?width=2000&amp;format=webply&amp;optimize=medium"
            alt="Neon Green Bicycle Fair Facebook Event Cover" loading="lazy">
        </picture>
      </div>
      <div><span class="template-link">Edit this template</span></div>
    </a><a href="https://adobesparkpost.app.link/MTbUJ2aZLZ" class="template">
      <div>
        <picture>
          <source media="(max-width: 400px)"
            srcset="./media_1d264c8421207332adb8203f652ec2cb32b45a52f.jpeg?width=750&amp;format=webply&amp;optimize=medium">
          <img
            src="./media_1d264c8421207332adb8203f652ec2cb32b45a52f.jpeg?width=2000&amp;format=webply&amp;optimize=medium"
            alt="Venta De Bicicletas" loading="lazy">
        </picture>
      </div>
      <div><span class="template-link">Edit this template</span></div>
    </a><a href="https://adobesparkpost.app.link/zfpCWkARTcb" class="template">
      <div>
        <picture>
          <source media="(max-width: 400px)"
            srcset="./media_107fb6b0076199a6c90a12736105cfda2f822bdf7.jpeg?width=750&amp;format=webply&amp;optimize=medium">
          <img
            src="./media_107fb6b0076199a6c90a12736105cfda2f822bdf7.jpeg?width=2000&amp;format=webply&amp;optimize=medium"
            alt="black and orange bike clearance instagram" loading="lazy">
        </picture>
      </div>
      <div><span class="template-link">Edit this template</span></div>
    </a><a href="https://adobesparkpost.app.link/SWY1WeenRZ" class="template">
      <div>
        <picture>
          <source media="(max-width: 400px)"
            srcset="./media_1b2aa252137ff88d4013df07fe33e98c9bcd42e19.jpeg?width=750&amp;format=webply&amp;optimize=medium">
          <img
            src="./media_1b2aa252137ff88d4013df07fe33e98c9bcd42e19.jpeg?width=2000&amp;format=webply&amp;optimize=medium"
            alt="Promoção <BR>de Bikes" loading="lazy">
        </picture>
      </div>
      <div><span class="template-link">Edit this template</span></div>
    </a><a href="https://adobesparkpost.app.link/21NURqSugfb" class="template">
      <div>
        <picture>
          <source media="(max-width: 400px)"
            srcset="./media_10e1d124d0d162dfa2f0b49a2d10630406682a988.jpeg?width=750&amp;format=webply&amp;optimize=medium">
          <img
            src="./media_10e1d124d0d162dfa2f0b49a2d10630406682a988.jpeg?width=2000&amp;format=webply&amp;optimize=medium"
            alt="Orange Illustrated Album Cover" loading="lazy">
        </picture>
      </div>
      <div><span class="template-link">Edit this template</span></div>
    </a><a href="https://adobesparkpost.app.link/UPHVQd3ZzZ" class="template">
      <div>
        <picture>
          <source media="(max-width: 400px)"
            srcset="./media_1120e98d5832360427bed8d32ab5781293864b850.jpeg?width=750&amp;format=webply&amp;optimize=medium">
          <img
            src="./media_1120e98d5832360427bed8d32ab5781293864b850.jpeg?width=2000&amp;format=webply&amp;optimize=medium"
            alt="Vente De Vélos" loading="lazy">
        </picture>
      </div>
      <div><span class="template-link">Edit this template</span></div>
    </a><a href="https://adobesparkpost.app.link/yAqjB5bf0ab" class="template">
      <div><video playsinline="" autoplay="" loop="" muted="">
          <source
            src="https://cdn.cp.adobe.io/content/2/dcx/6bdfcc48-5851-4b3f-9752-4ed6369c5567/content/videoRendition.mp4/version/0"
            type="video/mp4">
        </video><br></div>
      <div><span class="template-link">Edit this template</span></div>
    </a><a href="https://adobesparkpost.app.link/TcxsZWMdvfb" class="template">
      <div>
        <picture>
          <source media="(max-width: 400px)"
            srcset="./media_1d246128c77186fd55b76e3fa7a9c3df80c5945f5.jpeg?width=750&amp;format=webply&amp;optimize=medium">
          <img
            src="./media_1d246128c77186fd55b76e3fa7a9c3df80c5945f5.jpeg?width=2000&amp;format=webply&amp;optimize=medium"
            alt="Blue and White Food Delivery Application Web Banner" loading="lazy">
        </picture>
      </div>
      <div><span class="template-link">Edit this template</span></div>
    </a><a href="https://adobesparkpost.app.link/oVnOlDpXtZ" class="template">
      <div>
        <picture>
          <source media="(max-width: 400px)"
            srcset="./media_126993bcaac425d9c450b9656ea0a2dc8482bd66c.jpeg?width=750&amp;format=webply&amp;optimize=medium">
          <img
            src="./media_126993bcaac425d9c450b9656ea0a2dc8482bd66c.jpeg?width=2000&amp;format=webply&amp;optimize=medium"
            alt="Black and White Bike Week Social Post" loading="lazy">
        </picture>
      </div>
      <div><span class="template-link">Edit this template</span></div>
    </a><a href="https://adobesparkpost.app.link/v1KCq7JuXeb" class="template">
      <div>
        <picture>
          <source media="(max-width: 400px)"
            srcset="./media_10349a8b1b14bf84f87c5aaaf2a0b36028841c3c8.jpeg?width=750&amp;format=webply&amp;optimize=medium">
          <img
            src="./media_10349a8b1b14bf84f87c5aaaf2a0b36028841c3c8.jpeg?width=2000&amp;format=webply&amp;optimize=medium"
            alt="dark blue and white bike sale instagram " loading="lazy">
        </picture>
      </div>
      <div><span class="template-link">Edit this template</span></div>
    </a><a href="https://adobesparkpost.app.link/TSYk4hUwuZ" class="template">
      <div>
        <picture>
          <source media="(max-width: 400px)"
            srcset="./media_1eeea43e7c4747cbe860940c15e203cfd94fb62be.jpeg?width=750&amp;format=webply&amp;optimize=medium">
          <img
            src="./media_1eeea43e7c4747cbe860940c15e203cfd94fb62be.jpeg?width=2000&amp;format=webply&amp;optimize=medium"
            alt="Bike to Work Challenge " loading="lazy">
        </picture>
      </div>
      <div><span class="template-link">Edit this template</span></div>
    </a><a href="https://adobesparkpost.app.link/ZrbVbtHmOdb" class="template">
      <div>
        <picture>
          <source media="(max-width: 400px)"
            srcset="./media_1d458aba74f9537224604eba173a2eed0d8d45ae0.jpeg?width=750&amp;format=webply&amp;optimize=medium">
          <img
            src="./media_1d458aba74f9537224604eba173a2eed0d8d45ae0.jpeg?width=2000&amp;format=webply&amp;optimize=medium"
            alt="dark gray and white virtual bike tour instagram story" loading="lazy">
        </picture>
      </div>
      <div><span class="template-link">Edit this template</span></div>
    </a><a href="https://adobesparkpost.app.link/3kmZXgkYj9" class="template">
      <div>
        <picture>
          <source media="(max-width: 400px)"
            srcset="./media_1b8242b90c43d283591436047bd1e0b785e168dcb.jpeg?width=750&amp;format=webply&amp;optimize=medium">
          <img
            src="./media_1b8242b90c43d283591436047bd1e0b785e168dcb.jpeg?width=2000&amp;format=webply&amp;optimize=medium"
            alt="Pink Sunset Photo Bike Friendly Pinterest " loading="lazy">
        </picture>
      </div>
      <div><span class="template-link">Edit this template</span></div>
    </a><a href="https://adobesparkpost.app.link/X2JUuyxkuZ" class="template">
      <div>
        <picture>
          <source media="(max-width: 400px)"
            srcset="./media_19fad89613eac4ee9c45c74680efdac4178e48911.jpeg?width=750&amp;format=webply&amp;optimize=medium">
          <img
            src="./media_19fad89613eac4ee9c45c74680efdac4178e48911.jpeg?width=2000&amp;format=webply&amp;optimize=medium"
            alt="Grey and White Cycling Instagram Graphic" loading="lazy">
        </picture>
      </div>
      <div><span class="template-link">Edit this template</span></div>
    </a><a href="https://adobesparkpost.app.link/kykhZZkyfgb" class="template">
      <div>
        <picture>
          <source media="(max-width: 400px)"
            srcset="./media_130f5656dc1c2cdc5ece7720622a40176bff89945.jpeg?width=750&amp;format=webply&amp;optimize=medium">
          <img
            src="./media_130f5656dc1c2cdc5ece7720622a40176bff89945.jpeg?width=2000&amp;format=webply&amp;optimize=medium"
            alt="Yellow Red Bike Competition IG Story" loading="lazy">
        </picture>
      </div>
      <div><span class="template-link">Edit this template</span></div>
    </a><a href="https://adobesparkpost.app.link/ltWx3nPOw0" class="template">
      <div>
        <picture>
          <source media="(max-width: 400px)"
            srcset="./media_1f9dbc80962fb056ed0de46d6dabbe194ac2f32f2.jpeg?width=750&amp;format=webply&amp;optimize=medium">
          <img
            src="./media_1f9dbc80962fb056ed0de46d6dabbe194ac2f32f2.jpeg?width=2000&amp;format=webply&amp;optimize=medium"
            alt="movieposters  " loading="lazy">
        </picture>
      </div>
      <div><span class="template-link">Edit this template</span></div>
    </a><a href="https://adobesparkpost.app.link/IszTScWTp0" class="template">
      <div>
        <picture>
          <source media="(max-width: 400px)"
            srcset="./media_190246a1da9310342bc6587506b2ab443b1a895a5.jpeg?width=750&amp;format=webply&amp;optimize=medium">
          <img
            src="./media_190246a1da9310342bc6587506b2ab443b1a895a5.jpeg?width=2000&amp;format=webply&amp;optimize=medium"
            alt="movieposters " loading="lazy">
        </picture>
      </div>
      <div><span class="template-link">Edit this template</span></div>
    </a><a href="https://adobesparkpost.app.link/gYZlPrVGn8" class="template">
      <div>
        <picture>
          <source media="(max-width: 400px)"
            srcset="./media_139dbc4b455ae26d2f6cdb38fb1b89ddca0e5242f.jpeg?width=750&amp;format=webply&amp;optimize=medium">
          <img
            src="./media_139dbc4b455ae26d2f6cdb38fb1b89ddca0e5242f.jpeg?width=2000&amp;format=webply&amp;optimize=medium"
            alt="White and Green Design Contest with Bicycle Giveaway Instagram Story" loading="lazy">
        </picture>
      </div>
      <div><span class="template-link">Edit this template</span></div>
    </a></div>
</div>